// Jest Snapshot v1, https://goo.gl/fbAQLP

exports[`matches snapshot 1`] = `
<DocumentFragment>
  <div
    class="Box"
  >
    <div
      style="width: 20px; height: 20px; background-color: red;"
    />
    <button>
      remove box
    </button>
  </div>
</DocumentFragment>
`;
